------------------------------------------------------------
TimeQuest Timing Analyzer Summary
------------------------------------------------------------

Type  : Slow 1200mV 85C Model Setup 'sopc_clk'
Slack : 6.855
TNS   : 0.000

Type  : Slow 1200mV 85C Model Setup 'altera_reserved_tck'
Slack : 18.341
TNS   : 0.000

Type  : Slow 1200mV 85C Model Hold 'sopc_clk'
Slack : 0.020
TNS   : 0.000

Type  : Slow 1200mV 85C Model Hold 'altera_reserved_tck'
Slack : 0.287
TNS   : 0.000

Type  : Slow 1200mV 85C Model Recovery 'sopc_clk'
Slack : 6.583
TNS   : 0.000

Type  : Slow 1200mV 85C Model Recovery 'altera_reserved_tck'
Slack : 48.365
TNS   : 0.000

Type  : Slow 1200mV 85C Model Removal 'altera_reserved_tck'
Slack : 1.166
TNS   : 0.000

Type  : Slow 1200mV 85C Model Removal 'sopc_clk'
Slack : 2.495
TNS   : 0.000

Type  : Slow 1200mV 85C Model Minimum Pulse Width 'sopc_clk'
Slack : 8.982
TNS   : 0.000

Type  : Slow 1200mV 85C Model Minimum Pulse Width 'altera_reserved_tck'
Slack : 49.382
TNS   : 0.000

Type  : Slow 1200mV 0C Model Setup 'sopc_clk'
Slack : 7.231
TNS   : 0.000

Type  : Slow 1200mV 0C Model Setup 'altera_reserved_tck'
Slack : 18.757
TNS   : 0.000

Type  : Slow 1200mV 0C Model Hold 'sopc_clk'
Slack : 0.014
TNS   : 0.000

Type  : Slow 1200mV 0C Model Hold 'altera_reserved_tck'
Slack : 0.247
TNS   : 0.000

Type  : Slow 1200mV 0C Model Recovery 'sopc_clk'
Slack : 7.006
TNS   : 0.000

Type  : Slow 1200mV 0C Model Recovery 'altera_reserved_tck'
Slack : 48.602
TNS   : 0.000

Type  : Slow 1200mV 0C Model Removal 'altera_reserved_tck'
Slack : 1.068
TNS   : 0.000

Type  : Slow 1200mV 0C Model Removal 'sopc_clk'
Slack : 2.244
TNS   : 0.000

Type  : Slow 1200mV 0C Model Minimum Pulse Width 'sopc_clk'
Slack : 9.031
TNS   : 0.000

Type  : Slow 1200mV 0C Model Minimum Pulse Width 'altera_reserved_tck'
Slack : 49.357
TNS   : 0.000

Type  : Fast 1200mV 0C Model Setup 'sopc_clk'
Slack : 8.086
TNS   : 0.000

Type  : Fast 1200mV 0C Model Setup 'altera_reserved_tck'
Slack : 22.938
TNS   : 0.000

Type  : Fast 1200mV 0C Model Hold 'sopc_clk'
Slack : -0.017
TNS   : -2.897

Type  : Fast 1200mV 0C Model Hold 'altera_reserved_tck'
Slack : 0.144
TNS   : 0.000

Type  : Fast 1200mV 0C Model Recovery 'sopc_clk'
Slack : 8.409
TNS   : 0.000

Type  : Fast 1200mV 0C Model Recovery 'altera_reserved_tck'
Slack : 49.379
TNS   : 0.000

Type  : Fast 1200mV 0C Model Removal 'altera_reserved_tck'
Slack : 0.628
TNS   : 0.000

Type  : Fast 1200mV 0C Model Removal 'sopc_clk'
Slack : 1.410
TNS   : 0.000

Type  : Fast 1200mV 0C Model Minimum Pulse Width 'sopc_clk'
Slack : 8.929
TNS   : 0.000

Type  : Fast 1200mV 0C Model Minimum Pulse Width 'altera_reserved_tck'
Slack : 49.219
TNS   : 0.000

------------------------------------------------------------
